../Core/Src/main.c:77:6:transmit_uart	16	static
../Core/Src/main.c:83:9:receive_uart_char	16	static
../Core/Src/main.c:91:6:list_files_on_sd	16	static
../Core/Src/main.c:120:6:display_menu	64	static
../Core/Src/main.c:147:6:display_ascii_art	16	static
../Core/Src/main.c:179:5:main	16	static
../Core/Src/main.c:262:6:SystemClock_Config	88	static
../Core/Src/main.c:310:13:MX_SPI1_Init	8	static
../Core/Src/main.c:348:13:MX_USART2_UART_Init	8	static
../Core/Src/main.c:381:13:MX_GPIO_Init	48	static
../Core/Src/main.c:423:6:Error_Handler	4	static,ignoring_inline_asm
