../Core/Src/main.c:121:5:_write	24	static
../Core/Src/main.c:127:6:LeerLDRsLocal	16	static
../Core/Src/main.c:150:6:ActualizarNeoPixelsLocal	16	static
../Core/Src/main.c:162:6:MostrarDigito	24	static
../Core/Src/main.c:181:5:main	56	static
../Core/Src/main.c:315:6:SystemClock_Config	88	static
../Core/Src/main.c:363:13:MX_ADC1_Init	24	static
../Core/Src/main.c:442:13:MX_I2C2_Init	8	static
../Core/Src/main.c:476:13:MX_TIM1_Init	96	static
../Core/Src/main.c:551:13:MX_USART2_UART_Init	8	static
../Core/Src/main.c:582:13:MX_DMA_Init	16	static
../Core/Src/main.c:600:13:MX_GPIO_Init	48	static
../Core/Src/main.c:670:6:LeerDatosEsclavo	32	static
../Core/Src/main.c:740:6:ConsolidarDatos	16	static
../Core/Src/main.c:761:6:EnviarDatosESP32	24	static
../Core/Src/main.c:779:6:EnviarDatosNucleoEsclava	32	static
../Core/Src/main.c:818:6:Error_Handler	4	static,ignoring_inline_asm
