../Core/Src/main.c:131:6:UART_Print	16	static
../Core/Src/main.c:145:10:Read_ADC_Channel	40	static
../Core/Src/main.c:171:6:Read_LDR_Sensors	16	static
../Core/Src/main.c:184:6:Update_Parking_Status	16	static
../Core/Src/main.c:205:6:Update_Neopixels	16	static
../Core/Src/main.c:228:6:Update_LCD_Parking_Display	64	static
../Core/Src/main.c:275:6:Update_LCD_Available_Counter	56	static
../Core/Src/main.c:307:6:Debug_Print_Status	32	static
../Core/Src/main.c:353:5:main	64	static
../Core/Src/main.c:522:6:SystemClock_Config	88	static
../Core/Src/main.c:570:13:MX_ADC2_Init	24	static
../Core/Src/main.c:622:13:MX_I2C2_Init	8	static
../Core/Src/main.c:656:13:MX_SPI1_Init	8	static
../Core/Src/main.c:694:13:MX_TIM1_Init	96	static
../Core/Src/main.c:769:13:MX_USART2_UART_Init	8	static
../Core/Src/main.c:800:13:MX_DMA_Init	16	static
../Core/Src/main.c:818:13:MX_GPIO_Init	48	static
../Core/Src/main.c:880:6:Error_Handler	4	static,ignoring_inline_asm
